com/ecommerce/ProductService/repositories/ProductRepository.class
com/ecommerce/ProductService/Dto/UserSessionDTO.class
com/ecommerce/ProductService/models/enums/ProductCategory.class
com/ecommerce/ProductService/models/Clothing.class
com/ecommerce/ProductService/models/ProductReview.class
com/ecommerce/ProductService/services/ProductService.class
com/ecommerce/ProductService/services/factory/ProductFactory.class
com/ecommerce/ProductService/services/ProductSeederService.class
com/ecommerce/ProductService/Clients/UserServiceFeignClient.class
com/ecommerce/ProductService/services/observer/ProductObserver.class
com/ecommerce/ProductService/services/observer/StockAlertObserver.class
com/ecommerce/ProductService/services/observer/ProductSubject.class
com/ecommerce/ProductService/config/RedisConfig.class
com/ecommerce/ProductService/ProductServiceApplication.class
com/ecommerce/ProductService/repositories/ProductReviewRepository.class
com/ecommerce/ProductService/controllers/ProductController.class
com/ecommerce/ProductService/models/Product.class
com/ecommerce/ProductService/models/Accessory.class
com/ecommerce/ProductService/services/MailService.class
