/Users/menna/Desktop/scalify/ProductService/src/main/java/com/ecommerce/ProductService/Clients/UserServiceFeignClient.java
/Users/menna/Desktop/scalify/ProductService/src/main/java/com/ecommerce/ProductService/Dto/UserSessionDTO.java
/Users/menna/Desktop/scalify/ProductService/src/main/java/com/ecommerce/ProductService/ProductServiceApplication.java
/Users/menna/Desktop/scalify/ProductService/src/main/java/com/ecommerce/ProductService/config/RedisConfig.java
/Users/menna/Desktop/scalify/ProductService/src/main/java/com/ecommerce/ProductService/controllers/ProductController.java
/Users/menna/Desktop/scalify/ProductService/src/main/java/com/ecommerce/ProductService/models/Accessory.java
/Users/menna/Desktop/scalify/ProductService/src/main/java/com/ecommerce/ProductService/models/Clothing.java
/Users/menna/Desktop/scalify/ProductService/src/main/java/com/ecommerce/ProductService/models/Product.java
/Users/menna/Desktop/scalify/ProductService/src/main/java/com/ecommerce/ProductService/models/ProductReview.java
/Users/menna/Desktop/scalify/ProductService/src/main/java/com/ecommerce/ProductService/models/enums/ProductCategory.java
/Users/menna/Desktop/scalify/ProductService/src/main/java/com/ecommerce/ProductService/repositories/ProductRepository.java
/Users/menna/Desktop/scalify/ProductService/src/main/java/com/ecommerce/ProductService/repositories/ProductReviewRepository.java
/Users/menna/Desktop/scalify/ProductService/src/main/java/com/ecommerce/ProductService/services/MailService.java
/Users/menna/Desktop/scalify/ProductService/src/main/java/com/ecommerce/ProductService/services/ProductSeederService.java
/Users/menna/Desktop/scalify/ProductService/src/main/java/com/ecommerce/ProductService/services/ProductService.java
/Users/menna/Desktop/scalify/ProductService/src/main/java/com/ecommerce/ProductService/services/factory/ProductFactory.java
/Users/menna/Desktop/scalify/ProductService/src/main/java/com/ecommerce/ProductService/services/observer/ProductObserver.java
/Users/menna/Desktop/scalify/ProductService/src/main/java/com/ecommerce/ProductService/services/observer/ProductSubject.java
/Users/menna/Desktop/scalify/ProductService/src/main/java/com/ecommerce/ProductService/services/observer/StockAlertObserver.java
